---
source: integration-tests/tests/datatest/custom_target.rs
expression: output.stderr_as_str()
snapshot_kind: text
---
  [31;1merror:[0m error deserializing custom target JSON for `invalid-target-pointer-
  [31;1mâ”‚[0m width`
    â•­â”€[52:30]
 [2m51[0m â”‚   ],
 [2m52[0m â”‚   "target-pointer-width": "xx",
    Â· [31m                             â–²[0m
    Â·                              [31mâ•°â”€â”€ [31merror parsing as integer: invalid digit found in string[0m[0m
 [2m53[0m â”‚   "supports-xray": true,
    â•°â”€â”€â”€â”€
