---
source: integration-tests/tests/datatest/custom_target.rs
expression: output.stderr_as_str()
snapshot_kind: text
---
  [31;1merror:[0m error deserializing custom target JSON for `invalid-endian`
    â•­â”€[32:29]
 [2m31[0m â”‚     },
 [2m32[0m â”‚     "target-endian": "middle",
    Â· [31m                            â–²[0m
    Â·                             [31mâ•°â”€â”€ [31munknown variant `middle`, expected `little` or `big`[0m[0m
 [2m33[0m â”‚     "target-family": ["unix"],
    â•°â”€â”€â”€â”€
