---
source: integration-tests/tests/datatest/custom_target.rs
expression: output.stderr_as_str()
snapshot_kind: text
---
  [31;1merror:[0m error deserializing custom target JSON for `invalid-arch`
   â•­â”€[2:13]
 [2m1[0m â”‚ {
 [2m2[0m â”‚   "arch": 123,
   Â· [31m            â–²[0m
   Â·             [31mâ•°â”€â”€ [31minvalid type: integer `123`, expected a string[0m[0m
 [2m3[0m â”‚   "cpu": "x86-64",
   â•°â”€â”€â”€â”€
