---
source: integration-tests/tests/datatest/custom_target.rs
expression: output.stderr_as_str()
snapshot_kind: text
---
  [31;1merror:[0m error deserializing custom target JSON for `invalid-family`
    â•­â”€[33:27]
 [2m32[0m â”‚     "target-endian": "big",
 [2m33[0m â”‚     "target-family": "none",
    Â· [31m                          â–²[0m
    Â·                           [31mâ•°â”€â”€ [31minvalid type: string "none", expected a sequence[0m[0m
 [2m34[0m â”‚     "target-mcount": "_mcount",
    â•°â”€â”€â”€â”€
