---
source: integration-tests/tests/datatest/custom_target.rs
expression: output.stderr_as_str()
snapshot_kind: text
---
  [31;1merror:[0m error deserializing custom target JSON for `missing-arch`
    â•­â”€[35:1]
 [2m34[0m â”‚     "target-pointer-width": "64"
 [2m35[0m â”‚ }
    Â· [31mâ–²[0m
    Â· [31mâ•°â”€â”€ [31mmissing field `arch`[0m[0m
    â•°â”€â”€â”€â”€
