---
source: integration-tests/tests/datatest/custom_target.rs
expression: output.stderr_as_str()
snapshot_kind: text
---
  [31;1merror:[0m error deserializing custom target JSON for `syntax-error`
    â•­â”€[40:13]
 [2m39[0m â”‚     "leak",
 [2m40[0m â”‚     "memory",
    Â· [31m            â–²[0m
    Â·             [31mâ•°â”€â”€ [31mEOF while parsing a value[0m[0m
    â•°â”€â”€â”€â”€
